// Jest Snapshot v1, https://goo.gl/fbAQLP

exports[`Testing <GifGridItem /> component should return text empty 1`] = `
<div
  className="card animate__animated animate__fadeIn"
>
  <img
    alt="This is a title"
    src="https://mundoloco.com/api/human/homer.gif"
  />
  <p>
    This is a title
  </p>
</div>
`;
